// Jest Snapshot v1, https://goo.gl/fbAQLP

exports[`<Menu /> should render successfully and match snapshot 1`] = `
<Context.Provider
  value={
    Object {
      "getServerState": undefined,
      "store": Object {
        "dispatch": [MockFunction],
        "getState": [MockFunction] {
          "calls": Array [
            Array [],
          ],
          "results": Array [
            Object {
              "type": "return",
              "value": Object {},
            },
          ],
        },
      },
      "subscription": Object {
        "addNestedSub": [Function],
        "getListeners": [Function],
        "handleChangeWrapper": [Function],
        "isSubscribed": [Function],
        "notifyNestedSubs": [Function],
        "trySubscribe": [Function],
        "tryUnsubscribe": [Function],
      },
    }
  }
>
  <Router>
    <Menu />
  </Router>
</Context.Provider>
`;
