// Jest Snapshot v1, https://goo.gl/fbAQLP

exports[`<BarProgress /> Snapshots tests should render successfully and match snapshot 1`] = `
<div>
  <div
    class="sc-bcXHqe kDyUME"
  >
    <input
      class="sc-gswNZR fvGZDH"
      data-testid="progress"
      type="range"
      value="0"
    />
  </div>
</div>
`;
